------------------------------------------------------------
Timing Analyzer Summary
------------------------------------------------------------

Type  : Slow 1100mV 85C Model Setup 'clock_50'
Slack : -4.620
TNS   : -2003.598

Type  : Slow 1100mV 85C Model Setup 'clock25mh:clock|contador_parametrizable:divisor_clock|contador[0]'
Slack : -4.340
TNS   : -101.200

Type  : Slow 1100mV 85C Model Setup 'controlador_vga:controlador|contador_horizontal:contador_horizontal|contador_parametrizable:contador|contador[0]'
Slack : -2.448
TNS   : -29.780

Type  : Slow 1100mV 85C Model Hold 'clock25mh:clock|contador_parametrizable:divisor_clock|contador[0]'
Slack : 0.241
TNS   : 0.000

Type  : Slow 1100mV 85C Model Hold 'clock_50'
Slack : 0.432
TNS   : 0.000

Type  : Slow 1100mV 85C Model Hold 'controlador_vga:controlador|contador_horizontal:contador_horizontal|contador_parametrizable:contador|contador[0]'
Slack : 1.053
TNS   : 0.000

Type  : Slow 1100mV 85C Model Minimum Pulse Width 'clock_50'
Slack : -2.636
TNS   : -2060.036

Type  : Slow 1100mV 85C Model Minimum Pulse Width 'clock25mh:clock|contador_parametrizable:divisor_clock|contador[0]'
Slack : -0.394
TNS   : -13.952

Type  : Slow 1100mV 85C Model Minimum Pulse Width 'controlador_vga:controlador|contador_horizontal:contador_horizontal|contador_parametrizable:contador|contador[0]'
Slack : -0.394
TNS   : -7.185

Type  : Slow 1100mV 0C Model Setup 'clock_50'
Slack : -4.519
TNS   : -1802.829

Type  : Slow 1100mV 0C Model Setup 'clock25mh:clock|contador_parametrizable:divisor_clock|contador[0]'
Slack : -4.266
TNS   : -99.628

Type  : Slow 1100mV 0C Model Setup 'controlador_vga:controlador|contador_horizontal:contador_horizontal|contador_parametrizable:contador|contador[0]'
Slack : -2.467
TNS   : -29.902

Type  : Slow 1100mV 0C Model Hold 'clock_50'
Slack : -0.001
TNS   : -0.001

Type  : Slow 1100mV 0C Model Hold 'clock25mh:clock|contador_parametrizable:divisor_clock|contador[0]'
Slack : 0.275
TNS   : 0.000

Type  : Slow 1100mV 0C Model Hold 'controlador_vga:controlador|contador_horizontal:contador_horizontal|contador_parametrizable:contador|contador[0]'
Slack : 0.970
TNS   : 0.000

Type  : Slow 1100mV 0C Model Minimum Pulse Width 'clock_50'
Slack : -2.636
TNS   : -2056.324

Type  : Slow 1100mV 0C Model Minimum Pulse Width 'clock25mh:clock|contador_parametrizable:divisor_clock|contador[0]'
Slack : -0.394
TNS   : -13.838

Type  : Slow 1100mV 0C Model Minimum Pulse Width 'controlador_vga:controlador|contador_horizontal:contador_horizontal|contador_parametrizable:contador|contador[0]'
Slack : -0.394
TNS   : -7.201

Type  : Fast 1100mV 85C Model Setup 'clock_50'
Slack : -3.004
TNS   : -1333.586

Type  : Fast 1100mV 85C Model Setup 'clock25mh:clock|contador_parametrizable:divisor_clock|contador[0]'
Slack : -2.292
TNS   : -52.440

Type  : Fast 1100mV 85C Model Setup 'controlador_vga:controlador|contador_horizontal:contador_horizontal|contador_parametrizable:contador|contador[0]'
Slack : -1.157
TNS   : -13.458

Type  : Fast 1100mV 85C Model Hold 'clock25mh:clock|contador_parametrizable:divisor_clock|contador[0]'
Slack : -0.030
TNS   : -0.030

Type  : Fast 1100mV 85C Model Hold 'clock_50'
Slack : 0.305
TNS   : 0.000

Type  : Fast 1100mV 85C Model Hold 'controlador_vga:controlador|contador_horizontal:contador_horizontal|contador_parametrizable:contador|contador[0]'
Slack : 0.547
TNS   : 0.000

Type  : Fast 1100mV 85C Model Minimum Pulse Width 'clock_50'
Slack : -2.636
TNS   : -2051.585

Type  : Fast 1100mV 85C Model Minimum Pulse Width 'controlador_vga:controlador|contador_horizontal:contador_horizontal|contador_parametrizable:contador|contador[0]'
Slack : 0.100
TNS   : 0.000

Type  : Fast 1100mV 85C Model Minimum Pulse Width 'clock25mh:clock|contador_parametrizable:divisor_clock|contador[0]'
Slack : 0.121
TNS   : 0.000

Type  : Fast 1100mV 0C Model Setup 'clock_50'
Slack : -2.584
TNS   : -1056.868

Type  : Fast 1100mV 0C Model Setup 'clock25mh:clock|contador_parametrizable:divisor_clock|contador[0]'
Slack : -2.089
TNS   : -47.446

Type  : Fast 1100mV 0C Model Setup 'controlador_vga:controlador|contador_horizontal:contador_horizontal|contador_parametrizable:contador|contador[0]'
Slack : -1.019
TNS   : -11.938

Type  : Fast 1100mV 0C Model Hold 'clock25mh:clock|contador_parametrizable:divisor_clock|contador[0]'
Slack : -0.047
TNS   : -0.047

Type  : Fast 1100mV 0C Model Hold 'clock_50'
Slack : -0.038
TNS   : -0.108

Type  : Fast 1100mV 0C Model Hold 'controlador_vga:controlador|contador_horizontal:contador_horizontal|contador_parametrizable:contador|contador[0]'
Slack : 0.477
TNS   : 0.000

Type  : Fast 1100mV 0C Model Minimum Pulse Width 'clock_50'
Slack : -2.636
TNS   : -2052.822

Type  : Fast 1100mV 0C Model Minimum Pulse Width 'controlador_vga:controlador|contador_horizontal:contador_horizontal|contador_parametrizable:contador|contador[0]'
Slack : 0.104
TNS   : 0.000

Type  : Fast 1100mV 0C Model Minimum Pulse Width 'clock25mh:clock|contador_parametrizable:divisor_clock|contador[0]'
Slack : 0.130
TNS   : 0.000

------------------------------------------------------------
